// Jest Snapshot v1, https://goo.gl/fbAQLP

exports[`test ModalMenu render component ModalMenu 1`] = `<section />`;
