// Jest Snapshot v1, https://goo.gl/fbAQLP

exports[`test ModalStaff render component ModalStaff 1`] = `
<section
  className="modalStaff"
/>
`;
