// Jest Snapshot v1, https://goo.gl/fbAQLP

exports[`test ModalDeleteMenu render component ModalDeleteMenu 1`] = `null`;
