// Jest Snapshot v1, https://goo.gl/fbAQLP

exports[`test ModalEditMenu render component ModalEditMenu 1`] = `
<section
  className="modalStaff"
/>
`;
