// Jest Snapshot v1, https://goo.gl/fbAQLP

exports[`test Sidebar render component Sidebar 1`] = `null`;
