// Jest Snapshot v1, https://goo.gl/fbAQLP

exports[`test PrivateRouter render PrivateRouter 1`] = `null`;
